MemTotal:         990180 kB
MemFree:          934760 kB
MemAvailable:     940044 kB
Buffers:            2068 kB
Cached:            19196 kB
SwapCached:            0 kB
Active:            10384 kB
Inactive:          13880 kB
Active(anon):       3876 kB
Inactive(anon):       36 kB
Active(file):       6508 kB
Inactive(file):    13844 kB
Unevictable:         768 kB
Mlocked:               0 kB
HighTotal:        260096 kB
HighFree:         226292 kB
LowTotal:         730084 kB
LowFree:          708468 kB
SwapTotal:             0 kB
SwapFree:              0 kB
Dirty:                72 kB
Writeback:             0 kB
AnonPages:          3732 kB
Mapped:             5012 kB
Shmem:               164 kB
Slab:              14088 kB
SReclaimable:       6704 kB
SUnreclaim:         7384 kB
KernelStack:         792 kB
PageTables:          300 kB
NFS_Unstable:          0 kB
Bounce:                0 kB
WritebackTmp:          0 kB
CommitLimit:      495088 kB
Committed_AS:       7516 kB
VmallocTotal:     245760 kB
VmallocUsed:           0 kB
VmallocChunk:          0 kB
CmaTotal:          16384 kB
CmaFree:            7616 kB
