MemTotal:       16112208 kB
MemFree:         6175036 kB
MemAvailable:   10443152 kB
Buffers:          273112 kB
Cached:          4552960 kB
SwapCached:        16652 kB
Active:          6224960 kB
Inactive:        2277108 kB
Active(anon):    4220940 kB
Inactive(anon):   111596 kB
Active(file):    2004020 kB
Inactive(file):  2165512 kB
Unevictable:      584560 kB
Mlocked:             544 kB
SwapTotal:       4194300 kB
SwapFree:        2067736 kB
Zswap:                 0 kB
Zswapped:              0 kB
Dirty:              1228 kB
Writeback:         44904 kB
AnonPages:       4221604 kB
Mapped:           930400 kB
Shmem:            656540 kB
KReclaimable:     439692 kB
Slab:             589744 kB
SReclaimable:     439692 kB
SUnreclaim:       150052 kB
KernelStack:       19120 kB
PageTables:        77868 kB
SecPageTables:      2056 kB
NFS_Unstable:          0 kB
Bounce:                0 kB
WritebackTmp:          0 kB
CommitLimit:    12250404 kB
Committed_AS:   18506104 kB
VmallocTotal:   34359738367 kB
VmallocUsed:       52000 kB
VmallocChunk:          0 kB
Percpu:             5184 kB
HardwareCorrupted:     0 kB
AnonHugePages:    571392 kB
ShmemHugePages:        0 kB
ShmemPmdMapped:        0 kB
FileHugePages:    190464 kB
FilePmdMapped:    163840 kB
CmaTotal:              0 kB
CmaFree:               0 kB
Unaccepted:            0 kB
HugePages_Total:       0
HugePages_Free:        0
HugePages_Rsvd:        0
HugePages_Surp:        0
Hugepagesize:       2048 kB
Hugetlb:               0 kB
DirectMap4k:      168816 kB
DirectMap2M:     4808704 kB
DirectMap1G:    11534336 kB
